// Vitest Snapshot v1, https://vitest.dev/guide/snapshot.html

exports[`svelte/SvelteTsButton > renders correctly - basic 1`] = `
<div>
  <button
    class="s-8fbtQMBX31Ko"
  >
    Hello
  </button>
  <!--&lt;SvelteTsButton&gt;-->
</div>
`;
