// Vitest Snapshot v1, https://vitest.dev/guide/snapshot.html

exports[`react/pages/ResetPassword > renders correctly - loaded page 1`] = `
<main
  class="reset-password-page"
>
  <div
    class="reset-password-page__card"
  >
    <div
      id="react-form"
    >
      <span>
        {"configuration":{"root":"root","fields":{},"steps":{}},"Field":{"class":"form-field","args":"[{\\"root.0.test\\":{\\"component\\":\\"Test\\",\\"componentProps\\":{\\"modifiers\\":\\"primary\\"}}},{\\"prefix\\":\\"PAGES.RESET_PASSWORD\\",\\"services\\":{\\"apiClient\\":{},\\"model\\":{},\\"i18n\\":{},\\"store\\":{}}}]"}}
      </span>
    </div>
    <div>
      <div
        id="ui-link"
      >
        {"href":"/sign-in","label":"PAGES.RESET_PASSWORD.SIGN_IN"}
      </div>
    </div>
  </div>
</main>
`;

exports[`react/pages/ResetPassword > renders correctly - loading page 1`] = `
<div
  id="loader"
>
  {"services":{"apiClient":{},"model":{},"i18n":{},"store":{}},"components":{}}
</div>
`;
