// Vitest Snapshot v1, https://vitest.dev/guide/snapshot.html

exports[`react/pages/SignIn > renders correctly - loaded page 1`] = `
<main
  class="sign-in-page"
>
  <div
    class="sign-in-page__card"
  >
    <div
      id="ui-title"
    >
      {"label":"PAGES.SIGN_IN.TITLE"}
    </div>
    <div
      id="react-form"
    >
      <span>
        {"configuration":{"root":"root","fields":{},"steps":{}},"Field":{"class":"form-field","args":"[{\\"root.0.test\\":{\\"component\\":\\"Test\\",\\"componentProps\\":{\\"modifiers\\":\\"primary\\"}}},{\\"prefix\\":\\"PAGES.SIGN_IN\\",\\"services\\":{\\"apiClient\\":{},\\"model\\":{},\\"i18n\\":{},\\"store\\":{}}}]"}}
      </span>
    </div>
    <div>
      <div
        id="ui-link"
      >
        {"href":"/reset-password","label":"PAGES.SIGN_IN.FORGOT_PASSWORD"}
      </div>
      <div
        id="ui-link"
      >
        {"href":"/sign-up","label":"PAGES.SIGN_IN.SIGN_UP"}
      </div>
    </div>
  </div>
</main>
`;

exports[`react/pages/SignIn > renders correctly - loading page 1`] = `
<div
  id="loader"
>
  {"services":{"apiClient":{},"model":{},"i18n":{},"store":{}},"components":{}}
</div>
`;
