// Vitest Snapshot v1, https://vitest.dev/guide/snapshot.html

exports[`vue/DefaultLayout > renders correctly 1`] = `
<div
  class="perseid-form__steps"
>
  
  
  
  
</div>
`;
