// Vitest Snapshot v1, https://vitest.dev/guide/snapshot.html

exports[`react/RouterJS > renders correctly - found page 1`] = `
<div>
  Loading...
</div>
`;

exports[`react/RouterJS > renders correctly - loading page 1`] = `
<div>
  Loading...
</div>
`;

exports[`react/RouterJS > renders correctly - not found page 1`] = `null`;
