// Vitest Snapshot v1

exports[`vue/Router renders correctly - loading page 1`] = `
<p>
  <img
    alt="test"
    src="file"
  />
  <img
    alt="test"
    src="file"
  />
   Test
</p>
`;

exports[`vue/Router renders correctly - page found 1`] = `
<p>
  <img
    alt="test"
    src="file"
  />
  <img
    alt="test"
    src="file"
  />
   Test
</p>
`;

exports[`vue/Router renders correctly - page not found 1`] = `<!--v-if-->`;
