// Vitest Snapshot v1, https://vitest.dev/guide/snapshot.html

exports[`react/Loader > renders correctly - basic 1`] = `
<div>
  Loading...
</div>
`;
