// Vitest Snapshot v1, https://vitest.dev/guide/snapshot.html

exports[`services/JobScheduler > [processRunningTasks] 1`] = `
[
  [
    {
      "_createdAt": 2022-01-01T00:00:00.000Z,
      "_endedAt": null,
      "_id": String {
        "0": "6",
        "1": "2",
        "10": "f",
        "11": "f",
        "12": "b",
        "13": "d",
        "14": "0",
        "15": "f",
        "16": "e",
        "17": "c",
        "18": "9",
        "19": "e",
        "2": "6",
        "20": "1",
        "21": "4",
        "22": "6",
        "23": "7",
        "3": "a",
        "4": "d",
        "5": "c",
        "6": "d",
        "7": "0",
        "8": "b",
        "9": "f",
      },
      "_parent": null,
      "_runBy": String {},
      "_startedAt": 2022-01-01T00:00:00.000Z,
      "_status": "IN_PROGRESS",
      "_updatedAt": null,
      "job": {
        "_createdAt": 2022-01-01T00:00:00.000Z,
        "_id": String {
          "0": "6",
          "1": "2",
          "10": "f",
          "11": "f",
          "12": "b",
          "13": "d",
          "14": "0",
          "15": "f",
          "16": "e",
          "17": "c",
          "18": "9",
          "19": "e",
          "2": "6",
          "20": "1",
          "21": "4",
          "22": "6",
          "23": "5",
          "3": "a",
          "4": "d",
          "5": "c",
          "6": "d",
          "7": "0",
          "8": "b",
          "9": "f",
        },
        "_updatedAt": null,
        "maximumExecutionTime": -1,
        "scriptPath": "/var/www/html/test.js",
      },
      "metaData": "{}",
      "recurrence": 4000,
      "startAfter": null,
      "startAt": 2022-01-01T01:06:40.000Z,
    },
    "FAILED",
  ],
  [
    {
      "_createdAt": 2022-01-01T00:00:00.000Z,
      "_endedAt": null,
      "_id": String {
        "0": "6",
        "1": "2",
        "10": "f",
        "11": "f",
        "12": "b",
        "13": "d",
        "14": "0",
        "15": "f",
        "16": "e",
        "17": "c",
        "18": "9",
        "19": "e",
        "2": "6",
        "20": "1",
        "21": "4",
        "22": "6",
        "23": "8",
        "3": "a",
        "4": "d",
        "5": "c",
        "6": "d",
        "7": "0",
        "8": "b",
        "9": "f",
      },
      "_parent": null,
      "_runBy": String {
        "0": "6",
        "1": "2",
        "10": "f",
        "11": "f",
        "12": "b",
        "13": "d",
        "14": "0",
        "15": "f",
        "16": "e",
        "17": "c",
        "18": "9",
        "19": "7",
        "2": "6",
        "20": "7",
        "21": "7",
        "22": "7",
        "23": "7",
        "3": "a",
        "4": "d",
        "5": "c",
        "6": "d",
        "7": "0",
        "8": "b",
        "9": "f",
      },
      "_startedAt": 2022-01-01T00:00:00.000Z,
      "_status": "IN_PROGRESS",
      "_updatedAt": null,
      "job": {
        "_createdAt": 2022-01-01T00:00:00.000Z,
        "_id": String {
          "0": "6",
          "1": "2",
          "10": "f",
          "11": "f",
          "12": "b",
          "13": "d",
          "14": "0",
          "15": "f",
          "16": "e",
          "17": "c",
          "18": "9",
          "19": "e",
          "2": "6",
          "20": "1",
          "21": "4",
          "22": "6",
          "23": "5",
          "3": "a",
          "4": "d",
          "5": "c",
          "6": "d",
          "7": "0",
          "8": "b",
          "9": "f",
        },
        "_updatedAt": null,
        "maximumExecutionTime": -100,
        "scriptPath": "/var/www/html/test.js",
      },
      "metaData": "{}",
      "recurrence": 4000,
      "startAfter": {
        "_createdAt": 2022-01-01T00:00:00.000Z,
        "_endedAt": null,
        "_id": String {
          "0": "6",
          "1": "2",
          "10": "f",
          "11": "f",
          "12": "b",
          "13": "d",
          "14": "0",
          "15": "f",
          "16": "e",
          "17": "c",
          "18": "9",
          "19": "e",
          "2": "6",
          "20": "1",
          "21": "4",
          "22": "6",
          "23": "3",
          "3": "a",
          "4": "d",
          "5": "c",
          "6": "d",
          "7": "0",
          "8": "b",
          "9": "f",
        },
        "_parent": null,
        "_startedAt": 2022-01-01T00:00:00.000Z,
        "_status": "COMPLETED",
        "_updatedAt": null,
        "job": {
          "_createdAt": 2022-01-01T00:00:00.000Z,
          "_id": String {
            "0": "6",
            "1": "2",
            "10": "f",
            "11": "f",
            "12": "b",
            "13": "d",
            "14": "0",
            "15": "f",
            "16": "e",
            "17": "c",
            "18": "9",
            "19": "e",
            "2": "6",
            "20": "1",
            "21": "4",
            "22": "6",
            "23": "5",
            "3": "a",
            "4": "d",
            "5": "c",
            "6": "d",
            "7": "0",
            "8": "b",
            "9": "f",
          },
          "_updatedAt": null,
          "maximumExecutionTime": 60,
          "scriptPath": "/var/www/html/test.js",
        },
        "metaData": "{}",
        "recurrence": 4000,
        "startAfter": null,
        "startAt": null,
      },
      "startAt": null,
    },
    "FAILED",
  ],
  [
    {
      "_createdAt": 2022-01-01T00:00:00.000Z,
      "_endedAt": null,
      "_id": String {
        "0": "6",
        "1": "2",
        "10": "f",
        "11": "f",
        "12": "b",
        "13": "d",
        "14": "0",
        "15": "f",
        "16": "e",
        "17": "c",
        "18": "9",
        "19": "e",
        "2": "6",
        "20": "1",
        "21": "4",
        "22": "6",
        "23": "9",
        "3": "a",
        "4": "d",
        "5": "c",
        "6": "d",
        "7": "0",
        "8": "b",
        "9": "f",
      },
      "_parent": null,
      "_runBy": String {},
      "_startedAt": 2022-01-01T00:00:00.000Z,
      "_status": "IN_PROGRESS",
      "_updatedAt": null,
      "job": {
        "_createdAt": 2022-01-01T00:00:00.000Z,
        "_id": String {
          "0": "6",
          "1": "2",
          "10": "f",
          "11": "f",
          "12": "b",
          "13": "d",
          "14": "0",
          "15": "f",
          "16": "e",
          "17": "c",
          "18": "9",
          "19": "e",
          "2": "6",
          "20": "1",
          "21": "4",
          "22": "6",
          "23": "5",
          "3": "a",
          "4": "d",
          "5": "c",
          "6": "d",
          "7": "0",
          "8": "b",
          "9": "f",
        },
        "_updatedAt": null,
        "maximumExecutionTime": 1000,
        "scriptPath": "/var/www/html/test.js",
      },
      "metaData": "{}",
      "recurrence": 4000,
      "startAfter": null,
      "startAt": 2022-01-01T01:06:40.000Z,
    },
    "FAILED",
  ],
  [
    {
      "_createdAt": 2022-01-01T00:00:00.000Z,
      "_endedAt": null,
      "_id": String {
        "0": "6",
        "1": "2",
        "10": "f",
        "11": "f",
        "12": "b",
        "13": "d",
        "14": "0",
        "15": "f",
        "16": "e",
        "17": "c",
        "18": "9",
        "19": "e",
        "2": "6",
        "20": "1",
        "21": "4",
        "22": "7",
        "23": "0",
        "3": "a",
        "4": "d",
        "5": "c",
        "6": "d",
        "7": "0",
        "8": "b",
        "9": "f",
      },
      "_parent": null,
      "_runBy": String {},
      "_startedAt": 2022-01-01T00:00:00.000Z,
      "_status": "IN_PROGRESS",
      "_updatedAt": null,
      "job": {
        "_createdAt": 2022-01-01T00:00:00.000Z,
        "_id": String {
          "0": "6",
          "1": "2",
          "10": "f",
          "11": "f",
          "12": "b",
          "13": "d",
          "14": "0",
          "15": "f",
          "16": "e",
          "17": "c",
          "18": "9",
          "19": "e",
          "2": "6",
          "20": "1",
          "21": "4",
          "22": "6",
          "23": "5",
          "3": "a",
          "4": "d",
          "5": "c",
          "6": "d",
          "7": "0",
          "8": "b",
          "9": "f",
        },
        "_updatedAt": null,
        "maximumExecutionTime": 1000,
        "scriptPath": "/var/www/html/test.js",
      },
      "metaData": "{}",
      "recurrence": 4000,
      "startAfter": null,
      "startAt": 2022-01-01T01:06:40.000Z,
    },
    "CANCELED",
  ],
  [
    {
      "_createdAt": 2022-01-01T00:00:00.000Z,
      "_endedAt": null,
      "_id": String {
        "0": "6",
        "1": "2",
        "10": "f",
        "11": "f",
        "12": "b",
        "13": "d",
        "14": "0",
        "15": "f",
        "16": "e",
        "17": "c",
        "18": "9",
        "19": "e",
        "2": "6",
        "20": "1",
        "21": "4",
        "22": "7",
        "23": "1",
        "3": "a",
        "4": "d",
        "5": "c",
        "6": "d",
        "7": "0",
        "8": "b",
        "9": "f",
      },
      "_parent": null,
      "_runBy": String {},
      "_startedAt": 2022-01-01T00:00:00.000Z,
      "_status": "IN_PROGRESS",
      "_updatedAt": null,
      "job": {
        "_createdAt": 2022-01-01T00:00:00.000Z,
        "_id": String {
          "0": "6",
          "1": "2",
          "10": "f",
          "11": "f",
          "12": "b",
          "13": "d",
          "14": "0",
          "15": "f",
          "16": "e",
          "17": "c",
          "18": "9",
          "19": "e",
          "2": "6",
          "20": "1",
          "21": "4",
          "22": "6",
          "23": "5",
          "3": "a",
          "4": "d",
          "5": "c",
          "6": "d",
          "7": "0",
          "8": "b",
          "9": "f",
        },
        "_updatedAt": null,
        "maximumExecutionTime": 1000,
        "scriptPath": "/var/www/html/test.js",
      },
      "metaData": "{}",
      "recurrence": 4000,
      "startAfter": null,
      "startAt": 2022-01-01T01:06:40.000Z,
    },
    "COMPLETED",
  ],
]
`;
