// Vitest Snapshot v1, https://vitest.dev/guide/snapshot.html

exports[`vue/VueTsButton > renders correctly - basic 1`] = `
<button
  data-v-2f021a65=""
>
  Test
</button>
`;
