// Vitest Snapshot v1, https://vitest.dev/guide/snapshot.html

exports[`react/DefaultLoader > renders correctly 1`] = `null`;
